ffmpeg version N-123518-gc49f6bec20 Copyright (c) 2000-2026 the FFmpeg developers
  built with gcc 13 (Ubuntu 13.3.0-6ubuntu2~24.04.1)
  configuration: --prefix=/usr/local --enable-nonfree --enable-gpl --enable-libx264 --enable-libx265 --enable-libfdk-aac --enable-decklink --enable-ffnvcodec --enable-nvenc --enable-nvdec --extra-cflags=-I/home/administrador/Descargas/BMD_SDK/Linux/include --extra-cxxflags=-I/home/administrador/Descargas/BMD_SDK/Linux/include --extra-ldflags=-L/home/administrador/Descargas/BMD_SDK/Linux/include
  libavutil      60. 29.100 / 60. 29.100
  libavcodec     62. 29.100 / 62. 29.100
  libavformat    62. 13.101 / 62. 13.101
  libavdevice    62.  4.100 / 62.  4.100
  libavfilter    11. 15.101 / 11. 15.101
  libswscale      9.  7.100 /  9.  7.100
  libswresample   6.  4.100 /  6.  4.100
[in#0 @ 0x597681ae2dc0] Autodetected the input mode
[in#0 @ 0x597681ae2dc0] Found Decklink mode 1920 x 1080 with rate 29.97(i)
[aist#0:0/pcm_s16le @ 0x597681afc940] Guessed Channel Layout: stereo
Input #0, decklink, from 'DeckLink Duo (2)':
  Duration: N/A, start: 0.000000, bitrate: 995869 kb/s
  Stream #0:0: Audio: pcm_s16le, 48000 Hz, stereo, s16, 1536 kb/s
  Stream #0:1: Video: rawvideo (UYVY / 0x59565955), uyvy422(top first), 1920x1080, 994333 kb/s, 29.97 tbr, 1000k tbn
[out#1/hls @ 0x597681ae2800] Codec AVOption b:v:1 (set bitrate (in bits/s)) has not been used for any stream. The most likely reason is either wrong type (e.g. a video option with no video streams) or that it is a private option of some decoder which was not actually used for any stream.
[out#1/hls @ 0x597681ae2800] Codec AVOption b:a:1 (set bitrate (in bits/s)) has not been used for any stream. The most likely reason is either wrong type (e.g. a video option with no video streams) or that it is a private option of some decoder which was not actually used for any stream.
Stream mapping:
  Stream #0:1 (rawvideo) -> split:default
  format:default -> Stream #0:0 (hevc_nvenc)
  Stream #0:0 -> #0:1 (pcm_s16le (native) -> aac (native))
  format:default -> Stream #1:0 (libx264)
  Stream #0:0 -> #1:1 (pcm_s16le (native) -> aac (native))
Press [q] to stop, [?] for help
x264 [error]: invalid preset 'p1'
[libx264 @ 0x597681b06d00] Error setting preset/tune p1/ll.
[libx264 @ 0x597681b06d00] Possible presets: ultrafast superfast veryfast faster fast medium slow slower veryslow placebo
[libx264 @ 0x597681b06d00] Possible tunes: film animation grain stillimage psnr ssim fastdecode zerolatency
[vost#1:0/libx264 @ 0x597681b06500] [enc:libx264 @ 0x597681ae9b80] Error while opening encoder - maybe incorrect parameters such as bit_rate, rate, width or height.
[fc#0 @ 0x597681ae0e00] Error sending frames to consumers: Invalid argument
[fc#0 @ 0x597681ae0e00] Task finished with error code: -22 (Invalid argument)
[fc#0 @ 0x597681ae0e00] Terminating thread with return code -22 (Invalid argument)
[vost#1:0/libx264 @ 0x597681b06500] [enc:libx264 @ 0x597681ae9b80] Could not open encoder before EOF
[vost#1:0/libx264 @ 0x597681b06500] Task finished with error code: -22 (Invalid argument)
[vost#1:0/libx264 @ 0x597681b06500] Terminating thread with return code -22 (Invalid argument)
[vost#0:0/hevc_nvenc @ 0x597681afd100] [enc:hevc_nvenc @ 0x597681ae9580] Could not open encoder before EOF
[vost#0:0/hevc_nvenc @ 0x597681afd100] Task finished with error code: -22 (Invalid argument)
[vost#0:0/hevc_nvenc @ 0x597681afd100] Terminating thread with return code -22 (Invalid argument)
[out#0/segment @ 0x597681aea800] Nothing was written into output file, because at least one of its streams received no packets.
[out#1/hls @ 0x597681ae2800] Nothing was written into output file, because at least one of its streams received no packets.
frame=    0 fps=0.0 q=0.0 Lq=0.0 size=       0KiB time=00:00:00.06 bitrate=   0.0kbits/s speed=1.13x elapsed=0:00:00.05    
[aac @ 0x597681afdd80] Qavg: 14305.943
[aac @ 0x597681b094c0] Qavg: 13343.481
Conversion failed!
